2025-12-15 14:33:02.029 INFO  [application-pekko.actor.default-dispatcher-6] org.apache.pekko.event.slf4j.Slf4jLogger - Slf4jLogger started
2025-12-15 14:33:02.168 INFO  [play-dev-mode-pekko.actor.default-dispatcher-9] play.api.http.EnabledFilters - Enabled Filters (see <https://www.playframework.com/documentation/latest/Filters>):

    play.filters.cors.CORSFilter
    play.filters.headers.SecurityHeadersFilter
    play.filters.hosts.AllowedHostsFilter

2025-12-15 14:33:02.206 INFO  [play-dev-mode-pekko.actor.default-dispatcher-9] play.api.Play - Application started (Dev) (no global state)
2025-12-15 14:33:02.365 INFO  [application-pekko.actor.default-dispatcher-6] controller.HealthController - health endpoint called
2025-12-15 14:33:22.804 INFO  [application-pekko.actor.default-dispatcher-6] controller.HealthController - health endpoint called
2025-12-15 14:38:24.483 INFO  [application-pekko.actor.default-dispatcher-7] org.apache.pekko.actor.CoordinatedShutdown - Running CoordinatedShutdown with reason [ApplicationStoppedReason]
2025-12-15 14:38:24.501 INFO  [application-pekko.actor.default-dispatcher-7] com.zaxxer.hikari.HikariDataSource - db - Starting...
2025-12-15 14:38:24.520 INFO  [application-pekko.actor.default-dispatcher-7] com.zaxxer.hikari.HikariDataSource - db - Start completed.
2025-12-15 14:38:24.527 INFO  [application-pekko.actor.default-dispatcher-7] com.zaxxer.hikari.HikariDataSource - db - Shutdown initiated...
2025-12-15 14:38:24.529 INFO  [application-pekko.actor.default-dispatcher-7] com.zaxxer.hikari.HikariDataSource - db - Shutdown completed.
2025-12-15 14:38:24.600 INFO  [play-dev-mode-pekko.actor.default-dispatcher-9] play.api.http.HttpErrorHandlerExceptions - Registering exception handler: guice-provision-exception-handler
2025-12-15 23:38:24.652 INFO  [application-pekko.actor.default-dispatcher-5] org.apache.pekko.event.slf4j.Slf4jLogger - Slf4jLogger started
2025-12-15 23:38:24.676 INFO  [play-dev-mode-pekko.actor.default-dispatcher-9] play.api.http.EnabledFilters - Enabled Filters (see <https://www.playframework.com/documentation/latest/Filters>):

    play.filters.cors.CORSFilter
    play.filters.headers.SecurityHeadersFilter
    play.filters.hosts.AllowedHostsFilter

2025-12-15 23:38:24.684 INFO  [play-dev-mode-pekko.actor.default-dispatcher-9] play.api.Play - Application started (Dev) (no global state)
2025-12-15 23:38:24.696 INFO  [application-pekko.actor.default-dispatcher-5] controller.HealthController - health endpoint called
